Archive member included because of file (symbol)

/home/vscode/.pebble-sdk/SDKs/current/sdk-core/pebble/basalt/lib/libpebble.a(tmpegg3c_16pebble.o)
                              src/c/sliding_text_pp.c.40.o (app_event_loop)
/home/vscode/.pebble-sdk/SDKs/4.9.77/toolchain/arm-none-eabi/bin/../lib/gcc/arm-none-eabi/4.7.2/../../../../arm-none-eabi/lib/thumb2/libc.a(lib_a-sprintf.o)
                              src/c/num2words.c.40.o (sprintf)
/home/vscode/.pebble-sdk/SDKs/4.9.77/toolchain/arm-none-eabi/bin/../lib/gcc/arm-none-eabi/4.7.2/../../../../arm-none-eabi/lib/thumb2/libc.a(lib_a-svfprintf.o)
                              /home/vscode/.pebble-sdk/SDKs/4.9.77/toolchain/arm-none-eabi/bin/../lib/gcc/arm-none-eabi/4.7.2/../../../../arm-none-eabi/lib/thumb2/libc.a(lib_a-sprintf.o) (_svfprintf_r)
/home/vscode/.pebble-sdk/SDKs/4.9.77/toolchain/arm-none-eabi/bin/../lib/gcc/arm-none-eabi/4.7.2/../../../../arm-none-eabi/lib/thumb2/libc.a(lib_a-impure.o)
                              /home/vscode/.pebble-sdk/SDKs/4.9.77/toolchain/arm-none-eabi/bin/../lib/gcc/arm-none-eabi/4.7.2/../../../../arm-none-eabi/lib/thumb2/libc.a(lib_a-sprintf.o) (_impure_ptr)
/home/vscode/.pebble-sdk/SDKs/4.9.77/toolchain/arm-none-eabi/bin/../lib/gcc/arm-none-eabi/4.7.2/../../../../arm-none-eabi/lib/thumb2/libc.a(lib_a-mallocr.o)
                              /home/vscode/.pebble-sdk/SDKs/4.9.77/toolchain/arm-none-eabi/bin/../lib/gcc/arm-none-eabi/4.7.2/../../../../arm-none-eabi/lib/thumb2/libc.a(lib_a-svfprintf.o) (_malloc_r)
/home/vscode/.pebble-sdk/SDKs/4.9.77/toolchain/arm-none-eabi/bin/../lib/gcc/arm-none-eabi/4.7.2/../../../../arm-none-eabi/lib/thumb2/libc.a(lib_a-memchr.o)
                              /home/vscode/.pebble-sdk/SDKs/4.9.77/toolchain/arm-none-eabi/bin/../lib/gcc/arm-none-eabi/4.7.2/../../../../arm-none-eabi/lib/thumb2/libc.a(lib_a-svfprintf.o) (memchr)
/home/vscode/.pebble-sdk/SDKs/4.9.77/toolchain/arm-none-eabi/bin/../lib/gcc/arm-none-eabi/4.7.2/../../../../arm-none-eabi/lib/thumb2/libc.a(lib_a-mlock.o)
                              /home/vscode/.pebble-sdk/SDKs/4.9.77/toolchain/arm-none-eabi/bin/../lib/gcc/arm-none-eabi/4.7.2/../../../../arm-none-eabi/lib/thumb2/libc.a(lib_a-mallocr.o) (__malloc_lock)
/home/vscode/.pebble-sdk/SDKs/4.9.77/toolchain/arm-none-eabi/bin/../lib/gcc/arm-none-eabi/4.7.2/../../../../arm-none-eabi/lib/thumb2/libc.a(lib_a-sbrkr.o)
                              /home/vscode/.pebble-sdk/SDKs/4.9.77/toolchain/arm-none-eabi/bin/../lib/gcc/arm-none-eabi/4.7.2/../../../../arm-none-eabi/lib/thumb2/libc.a(lib_a-mallocr.o) (_sbrk_r)
/home/vscode/.pebble-sdk/SDKs/4.9.77/toolchain/arm-none-eabi/bin/../lib/gcc/arm-none-eabi/4.7.2/../../../../arm-none-eabi/lib/thumb2/libc.a(lib_a-svfiprintf.o)
                              /home/vscode/.pebble-sdk/SDKs/4.9.77/toolchain/arm-none-eabi/bin/../lib/gcc/arm-none-eabi/4.7.2/../../../../arm-none-eabi/lib/thumb2/libc.a(lib_a-svfprintf.o) (__ssprint_r)
/home/vscode/.pebble-sdk/SDKs/4.9.77/toolchain/arm-none-eabi/bin/../lib/gcc/arm-none-eabi/4.7.2/../../../../arm-none-eabi/lib/thumb2/libc.a(lib_a-freer.o)
                              /home/vscode/.pebble-sdk/SDKs/4.9.77/toolchain/arm-none-eabi/bin/../lib/gcc/arm-none-eabi/4.7.2/../../../../arm-none-eabi/lib/thumb2/libc.a(lib_a-mallocr.o) (_free_r)
/home/vscode/.pebble-sdk/SDKs/4.9.77/toolchain/arm-none-eabi/bin/../lib/gcc/arm-none-eabi/4.7.2/../../../../arm-none-eabi/lib/thumb2/libc.a(lib_a-reallocr.o)
                              /home/vscode/.pebble-sdk/SDKs/4.9.77/toolchain/arm-none-eabi/bin/../lib/gcc/arm-none-eabi/4.7.2/../../../../arm-none-eabi/lib/thumb2/libc.a(lib_a-svfiprintf.o) (_realloc_r)
/home/vscode/.pebble-sdk/SDKs/4.9.77/toolchain/arm-none-eabi/bin/../lib/gcc/arm-none-eabi/4.7.2/../../../../arm-none-eabi/lib/thumb2/libc.a(lib_a-reent.o)
                              /home/vscode/.pebble-sdk/SDKs/4.9.77/toolchain/arm-none-eabi/bin/../lib/gcc/arm-none-eabi/4.7.2/../../../../arm-none-eabi/lib/thumb2/libc.a(lib_a-sbrkr.o) (errno)
/home/vscode/.pebble-sdk/SDKs/4.9.77/toolchain/arm-none-eabi/bin/../lib/gcc/arm-none-eabi/4.7.2/thumb2/libgcc.a(_aeabi_uldivmod.o)
                              /home/vscode/.pebble-sdk/SDKs/4.9.77/toolchain/arm-none-eabi/bin/../lib/gcc/arm-none-eabi/4.7.2/../../../../arm-none-eabi/lib/thumb2/libc.a(lib_a-svfprintf.o) (__aeabi_uldivmod)
/home/vscode/.pebble-sdk/SDKs/4.9.77/toolchain/arm-none-eabi/bin/../lib/gcc/arm-none-eabi/4.7.2/thumb2/libgcc.a(bpabi.o)
                              /home/vscode/.pebble-sdk/SDKs/4.9.77/toolchain/arm-none-eabi/bin/../lib/gcc/arm-none-eabi/4.7.2/thumb2/libgcc.a(_aeabi_uldivmod.o) (__gnu_uldivmod_helper)
/home/vscode/.pebble-sdk/SDKs/4.9.77/toolchain/arm-none-eabi/bin/../lib/gcc/arm-none-eabi/4.7.2/thumb2/libgcc.a(_dvmd_tls.o)
                              /home/vscode/.pebble-sdk/SDKs/4.9.77/toolchain/arm-none-eabi/bin/../lib/gcc/arm-none-eabi/4.7.2/thumb2/libgcc.a(_aeabi_uldivmod.o) (__aeabi_ldiv0)
[...]
Memory Configuration

Name             Origin             Length             Attributes
APP              0x0000000000000000 0x0000000000010000 xrw
*default*        0x0000000000000000 0xffffffffffffffff

Linker script and memory map

LOAD /home/vscode/.pebble-sdk/SDKs/4.9.77/toolchain/arm-none-eabi/bin/../lib/gcc/arm-none-eabi/4.7.2/thumb2/crti.o
LOAD /home/vscode/.pebble-sdk/SDKs/4.9.77/toolchain/arm-none-eabi/bin/../lib/gcc/arm-none-eabi/4.7.2/thumb2/crtbegin.o
LOAD src/c/num2words.c.40.o
LOAD src/c/sliding_text_pp.c.40.o
LOAD basalt/appinfo.auto.c.40.o
LOAD basalt/src/resource_ids.auto.c.40.o
LOAD src/message_keys.auto.c.40.o
LOAD /home/vscode/.pebble-sdk/SDKs/current/sdk-core/pebble/basalt/lib/libpebble.a
START GROUP
LOAD /home/vscode/.pebble-sdk/SDKs/4.9.77/toolchain/arm-none-eabi/bin/../lib/gcc/arm-none-eabi/4.7.2/thumb2/libgcc.a
LOAD /home/vscode/.pebble-sdk/SDKs/4.9.77/toolchain/arm-none-eabi/bin/../lib/gcc/arm-none-eabi/4.7.2/../../../../arm-none-eabi/lib/thumb2/libc.a
END GROUP
LOAD /home/vscode/.pebble-sdk/SDKs/4.9.77/toolchain/arm-none-eabi/bin/../lib/gcc/arm-none-eabi/4.7.2/thumb2/crtend.o
LOAD /home/vscode/.pebble-sdk/SDKs/4.9.77/toolchain/arm-none-eabi/bin/../lib/gcc/arm-none-eabi/4.7.2/thumb2/crtn.o

.header         0x0000000000000000       0x82
 *(.pbl_header)
 .pbl_header    0x0000000000000000       0x82 basalt/appinfo.auto.c.40.o
                0x0000000000000000                __pbl_app_info

.note.gnu.build-id
                0x0000000000000082       0x26
                0x0000000000000082                PROVIDE (BUILD_ID, .)
 *(.note.gnu.build-id)
 *fill*         0x0000000000000082        0x2 
 .note.gnu.build-id
                0x0000000000000084       0x24 linker stubs

.text           0x00000000000000a8     0x1811
 *(.text)
 .text          0x00000000000000a8       0x14 /home/vscode/.pebble-sdk/SDKs/current/sdk-core/pebble/basalt/lib/libpebble.a(tmpegg3c_16pebble.o)
 *(.text.*)
 .text.append_number
                0x00000000000000bc       0x9c src/c/num2words.c.40.o
 .text.minute_to_formal_words
                0x0000000000000158       0xcc src/c/num2words.c.40.o
                0x0000000000000158                minute_to_formal_words
 .text.hour_to_12h_word
                0x0000000000000224       0x2c src/c/num2words.c.40.o
                0x0000000000000224                hour_to_12h_word
 .text.init_sliding_row
                0x0000000000000250       0x86 src/c/sliding_text_pp.c.40.o
 *fill*         0x00000000000002d6        0x2 
 .text.number_to_words
                0x00000000000002d8       0xd4 src/c/sliding_text_pp.c.40.o
 .text.make_animation
                0x00000000000003ac       0x4c src/c/sliding_text_pp.c.40.o
 .text.outbox_sent_callback
                0x00000000000003f8       0x1c src/c/sliding_text_pp.c.40.o
 .text.outbox_failed_callback
                0x0000000000000414       0x20 src/c/sliding_text_pp.c.40.o
 .text.inbox_dropped_callback
                0x0000000000000434       0x20 src/c/sliding_text_pp.c.40.o
 .text.handle_minute_tick
                0x0000000000000454       0x3c src/c/sliding_text_pp.c.40.o
 .text.update_sliding_row.isra.0
                0x0000000000000490       0xaa src/c/sliding_text_pp.c.40.o
 .text.slide_in_text.isra.1
                0x000000000000053a       0x48 src/c/sliding_text_pp.c.40.o
 *fill*         0x0000000000000582        0x2 
 .text.inbox_received_callback
                0x0000000000000584      0x160 src/c/sliding_text_pp.c.40.o
 .text.would_collide_with_font
                0x00000000000006e4       0xa6 src/c/sliding_text_pp.c.40.o
 *fill*         0x000000000000078a        0x2 
 .text.handle_battery
                0x000000000000078c       0xc8 src/c/sliding_text_pp.c.40.o
 .text.health_handler
                0x0000000000000854       0xc4 src/c/sliding_text_pp.c.40.o
 .text.animation_update
                0x0000000000000918      0x460 src/c/sliding_text_pp.c.40.o
 .text.startup.main
                0x0000000000000d78      0x540 src/c/sliding_text_pp.c.40.o
                0x0000000000000d78                main
 .text.app_event_loop
                0x00000000000012b8        0xc /home/vscode/.pebble-sdk/SDKs/current/sdk-core/pebble/basalt/lib/libpebble.a(tmpegg3c_16pebble.o)
                0x00000000000012b8                app_event_loop
 .text.app_log  0x00000000000012c4        0xc /home/vscode/.pebble-sdk/SDKs/current/sdk-core/pebble/basalt/lib/libpebble.a(tmpegg3c_16pebble.o)
                0x00000000000012c4                app_log
 .text.app_message_open
                0x00000000000012d0        0xc /home/vscode/.pebble-sdk/SDKs/current/sdk-core/pebble/basalt/lib/libpebble.a(tmpegg3c_16pebble.o)
                0x00000000000012d0                app_message_open
 .text.battery_state_service_peek
                0x00000000000012dc        0xc /home/vscode/.pebble-sdk/SDKs/current/sdk-core/pebble/basalt/lib/libpebble.a(tmpegg3c_16pebble.o)
                0x00000000000012dc                battery_state_service_peek
 .text.battery_state_service_subscribe
                0x00000000000012e8        0xc /home/vscode/.pebble-sdk/SDKs/current/sdk-core/pebble/basalt/lib/libpebble.a(tmpegg3c_16pebble.o)
                0x00000000000012e8                battery_state_service_subscribe
 .text.battery_state_service_unsubscribe
                0x00000000000012f4        0xc /home/vscode/.pebble-sdk/SDKs/current/sdk-core/pebble/basalt/lib/libpebble.a(tmpegg3c_16pebble.o)
                0x00000000000012f4                battery_state_service_unsubscribe
 .text.dict_find
                0x0000000000001300        0xc /home/vscode/.pebble-sdk/SDKs/current/sdk-core/pebble/basalt/lib/libpebble.a(tmpegg3c_16pebble.o)
                0x0000000000001300                dict_find
 .text.dict_write_end
                0x000000000000130c        0xc /home/vscode/.pebble-sdk/SDKs/current/sdk-core/pebble/basalt/lib/libpebble.a(tmpegg3c_16pebble.o)
                0x000000000000130c                dict_write_end
 .text.dict_write_int
                0x0000000000001318        0xc /home/vscode/.pebble-sdk/SDKs/current/sdk-core/pebble/basalt/lib/libpebble.a(tmpegg3c_16pebble.o)
                0x0000000000001318                dict_write_int
 .text.fonts_get_system_font
                0x0000000000001324        0xc /home/vscode/.pebble-sdk/SDKs/current/sdk-core/pebble/basalt/lib/libpebble.a(tmpegg3c_16pebble.o)
                0x0000000000001324                fonts_get_system_font
 .text.free     0x0000000000001330        0xc /home/vscode/.pebble-sdk/SDKs/current/sdk-core/pebble/basalt/lib/libpebble.a(tmpegg3c_16pebble.o)
                0x0000000000001330                free
 .text.layer_add_child
                0x000000000000133c        0xc /home/vscode/.pebble-sdk/SDKs/current/sdk-core/pebble/basalt/lib/libpebble.a(tmpegg3c_16pebble.o)
                0x000000000000133c                layer_add_child
 .text.layer_get_bounds
                0x0000000000001348        0xc /home/vscode/.pebble-sdk/SDKs/current/sdk-core/pebble/basalt/lib/libpebble.a(tmpegg3c_16pebble.o)
                0x0000000000001348                layer_get_bounds
 .text.layer_get_frame
                0x0000000000001354        0xc /home/vscode/.pebble-sdk/SDKs/current/sdk-core/pebble/basalt/lib/libpebble.a(tmpegg3c_16pebble.o)
                0x0000000000001354                layer_get_frame
 .text.layer_mark_dirty
                0x0000000000001360        0xc /home/vscode/.pebble-sdk/SDKs/current/sdk-core/pebble/basalt/lib/libpebble.a(tmpegg3c_16pebble.o)
                0x0000000000001360                layer_mark_dirty
 .text.layer_set_frame
                0x000000000000136c        0xc /home/vscode/.pebble-sdk/SDKs/current/sdk-core/pebble/basalt/lib/libpebble.a(tmpegg3c_16pebble.o)
                0x000000000000136c                layer_set_frame
 .text.layer_set_hidden
                0x0000000000001378        0xc /home/vscode/.pebble-sdk/SDKs/current/sdk-core/pebble/basalt/lib/libpebble.a(tmpegg3c_16pebble.o)
                0x0000000000001378                layer_set_hidden
 .text.malloc   0x0000000000001384        0xc /home/vscode/.pebble-sdk/SDKs/current/sdk-core/pebble/basalt/lib/libpebble.a(tmpegg3c_16pebble.o)
                0x0000000000001384                malloc
 .text.persist_exists
                0x0000000000001390        0xc /home/vscode/.pebble-sdk/SDKs/current/sdk-core/pebble/basalt/lib/libpebble.a(tmpegg3c_16pebble.o)
                0x0000000000001390                persist_exists
 .text.persist_read_int
                0x000000000000139c        0xc /home/vscode/.pebble-sdk/SDKs/current/sdk-core/pebble/basalt/lib/libpebble.a(tmpegg3c_16pebble.o)
                0x000000000000139c                persist_read_int
 .text.persist_write_int
                0x00000000000013a8        0xc /home/vscode/.pebble-sdk/SDKs/current/sdk-core/pebble/basalt/lib/libpebble.a(tmpegg3c_16pebble.o)
                0x00000000000013a8                persist_write_int
 .text.persist_write_string
                0x00000000000013b4        0xc /home/vscode/.pebble-sdk/SDKs/current/sdk-core/pebble/basalt/lib/libpebble.a(tmpegg3c_16pebble.o)
                0x00000000000013b4                persist_write_string
 .text.snprintf
                0x00000000000013c0        0xc /home/vscode/.pebble-sdk/SDKs/current/sdk-core/pebble/basalt/lib/libpebble.a(tmpegg3c_16pebble.o)
                0x00000000000013c0                snprintf
 .text.strcat   0x00000000000013cc        0xc /home/vscode/.pebble-sdk/SDKs/current/sdk-core/pebble/basalt/lib/libpebble.a(tmpegg3c_16pebble.o)
                0x00000000000013cc                strcat
 .text.strcpy   0x00000000000013d8        0xc /home/vscode/.pebble-sdk/SDKs/current/sdk-core/pebble/basalt/lib/libpebble.a(tmpegg3c_16pebble.o)
                0x00000000000013d8                strcpy
 .text.strlen   0x00000000000013e4        0xc /home/vscode/.pebble-sdk/SDKs/current/sdk-core/pebble/basalt/lib/libpebble.a(tmpegg3c_16pebble.o)
                0x00000000000013e4                strlen
 .text.strncpy  0x00000000000013f0        0xc /home/vscode/.pebble-sdk/SDKs/current/sdk-core/pebble/basalt/lib/libpebble.a(tmpegg3c_16pebble.o)
                0x00000000000013f0                strncpy
 .text.tick_timer_service_subscribe
                0x00000000000013fc        0xc /home/vscode/.pebble-sdk/SDKs/current/sdk-core/pebble/basalt/lib/libpebble.a(tmpegg3c_16pebble.o)
                0x00000000000013fc                tick_timer_service_subscribe
 .text.tick_timer_service_unsubscribe
                0x0000000000001408        0xc /home/vscode/.pebble-sdk/SDKs/current/sdk-core/pebble/basalt/lib/libpebble.a(tmpegg3c_16pebble.o)
                0x0000000000001408                tick_timer_service_unsubscribe
 .text.window_create
                0x0000000000001414        0xc /home/vscode/.pebble-sdk/SDKs/current/sdk-core/pebble/basalt/lib/libpebble.a(tmpegg3c_16pebble.o)
                0x0000000000001414                window_create
 .text.window_get_root_layer
                0x0000000000001420        0xc /home/vscode/.pebble-sdk/SDKs/current/sdk-core/pebble/basalt/lib/libpebble.a(tmpegg3c_16pebble.o)
                0x0000000000001420                window_get_root_layer
 .text.window_stack_push
                0x000000000000142c        0xc /home/vscode/.pebble-sdk/SDKs/current/sdk-core/pebble/basalt/lib/libpebble.a(tmpegg3c_16pebble.o)
                0x000000000000142c                window_stack_push
 .text.app_message_outbox_begin
                0x0000000000001438        0xc /home/vscode/.pebble-sdk/SDKs/current/sdk-core/pebble/basalt/lib/libpebble.a(tmpegg3c_16pebble.o)
                0x0000000000001438                app_message_outbox_begin
 .text.app_message_outbox_send
                0x0000000000001444        0xc /home/vscode/.pebble-sdk/SDKs/current/sdk-core/pebble/basalt/lib/libpebble.a(tmpegg3c_16pebble.o)
                0x0000000000001444                app_message_outbox_send
 .text.app_message_register_inbox_dropped
                0x0000000000001450        0xc /home/vscode/.pebble-sdk/SDKs/current/sdk-core/pebble/basalt/lib/libpebble.a(tmpegg3c_16pebble.o)
                0x0000000000001450                app_message_register_inbox_dropped
 .text.app_message_register_inbox_received
                0x000000000000145c        0xc /home/vscode/.pebble-sdk/SDKs/current/sdk-core/pebble/basalt/lib/libpebble.a(tmpegg3c_16pebble.o)
                0x000000000000145c                app_message_register_inbox_received
 .text.app_message_register_outbox_failed
                0x0000000000001468        0xc /home/vscode/.pebble-sdk/SDKs/current/sdk-core/pebble/basalt/lib/libpebble.a(tmpegg3c_16pebble.o)
                0x0000000000001468                app_message_register_outbox_failed
 .text.app_message_register_outbox_sent
                0x0000000000001474        0xc /home/vscode/.pebble-sdk/SDKs/current/sdk-core/pebble/basalt/lib/libpebble.a(tmpegg3c_16pebble.o)
                0x0000000000001474                app_message_register_outbox_sent
 .text.persist_read_string
                0x0000000000001480        0xc /home/vscode/.pebble-sdk/SDKs/current/sdk-core/pebble/basalt/lib/libpebble.a(tmpegg3c_16pebble.o)
                0x0000000000001480                persist_read_string
 .text.graphics_text_layout_get_content_size
                0x000000000000148c        0xc /home/vscode/.pebble-sdk/SDKs/current/sdk-core/pebble/basalt/lib/libpebble.a(tmpegg3c_16pebble.o)
                0x000000000000148c                graphics_text_layout_get_content_size
 .text.window_set_background_color
                0x0000000000001498        0xc /home/vscode/.pebble-sdk/SDKs/current/sdk-core/pebble/basalt/lib/libpebble.a(tmpegg3c_16pebble.o)
                0x0000000000001498                window_set_background_color
 .text.localtime
                0x00000000000014a4        0xc /home/vscode/.pebble-sdk/SDKs/current/sdk-core/pebble/basalt/lib/libpebble.a(tmpegg3c_16pebble.o)
                0x00000000000014a4                localtime
 .text.animation_create
                0x00000000000014b0        0xc /home/vscode/.pebble-sdk/SDKs/current/sdk-core/pebble/basalt/lib/libpebble.a(tmpegg3c_16pebble.o)
                0x00000000000014b0                animation_create
 .text.animation_schedule
                0x00000000000014bc        0xc /home/vscode/.pebble-sdk/SDKs/current/sdk-core/pebble/basalt/lib/libpebble.a(tmpegg3c_16pebble.o)
                0x00000000000014bc                animation_schedule
 .text.animation_set_duration
                0x00000000000014c8        0xc /home/vscode/.pebble-sdk/SDKs/current/sdk-core/pebble/basalt/lib/libpebble.a(tmpegg3c_16pebble.o)
                0x00000000000014c8                animation_set_duration
 .text.animation_set_implementation
                0x00000000000014d4        0xc /home/vscode/.pebble-sdk/SDKs/current/sdk-core/pebble/basalt/lib/libpebble.a(tmpegg3c_16pebble.o)
                0x00000000000014d4                animation_set_implementation
 .text.animation_unschedule
                0x00000000000014e0        0xc /home/vscode/.pebble-sdk/SDKs/current/sdk-core/pebble/basalt/lib/libpebble.a(tmpegg3c_16pebble.o)
                0x00000000000014e0                animation_unschedule
 .text.text_layer_create
                0x00000000000014ec        0xc /home/vscode/.pebble-sdk/SDKs/current/sdk-core/pebble/basalt/lib/libpebble.a(tmpegg3c_16pebble.o)
                0x00000000000014ec                text_layer_create
 .text.text_layer_get_layer
                0x00000000000014f8        0xc /home/vscode/.pebble-sdk/SDKs/current/sdk-core/pebble/basalt/lib/libpebble.a(tmpegg3c_16pebble.o)
                0x00000000000014f8                text_layer_get_layer
 .text.text_layer_get_text
                0x0000000000001504        0xc /home/vscode/.pebble-sdk/SDKs/current/sdk-core/pebble/basalt/lib/libpebble.a(tmpegg3c_16pebble.o)
                0x0000000000001504                text_layer_get_text
 .text.text_layer_set_background_color
                0x0000000000001510        0xc /home/vscode/.pebble-sdk/SDKs/current/sdk-core/pebble/basalt/lib/libpebble.a(tmpegg3c_16pebble.o)
                0x0000000000001510                text_layer_set_background_color
 .text.text_layer_set_font
                0x000000000000151c        0xc /home/vscode/.pebble-sdk/SDKs/current/sdk-core/pebble/basalt/lib/libpebble.a(tmpegg3c_16pebble.o)
                0x000000000000151c                text_layer_set_font
 .text.text_layer_set_text
                0x0000000000001528        0xc /home/vscode/.pebble-sdk/SDKs/current/sdk-core/pebble/basalt/lib/libpebble.a(tmpegg3c_16pebble.o)
                0x0000000000001528                text_layer_set_text
 .text.text_layer_set_text_alignment
                0x0000000000001534        0xc /home/vscode/.pebble-sdk/SDKs/current/sdk-core/pebble/basalt/lib/libpebble.a(tmpegg3c_16pebble.o)
                0x0000000000001534                text_layer_set_text_alignment
 .text.text_layer_set_text_color
                0x0000000000001540        0xc /home/vscode/.pebble-sdk/SDKs/current/sdk-core/pebble/basalt/lib/libpebble.a(tmpegg3c_16pebble.o)
                0x0000000000001540                text_layer_set_text_color
 .text.time     0x000000000000154c        0xc /home/vscode/.pebble-sdk/SDKs/current/sdk-core/pebble/basalt/lib/libpebble.a(tmpegg3c_16pebble.o)
                0x000000000000154c                time
 .text.health_service_events_subscribe
                0x0000000000001558        0xc /home/vscode/.pebble-sdk/SDKs/current/sdk-core/pebble/basalt/lib/libpebble.a(tmpegg3c_16pebble.o)
                0x0000000000001558                health_service_events_subscribe
 .text.health_service_events_unsubscribe
                0x0000000000001564        0xc /home/vscode/.pebble-sdk/SDKs/current/sdk-core/pebble/basalt/lib/libpebble.a(tmpegg3c_16pebble.o)
                0x0000000000001564                health_service_events_unsubscribe
 .text.health_service_metric_accessible
                0x0000000000001570        0xc /home/vscode/.pebble-sdk/SDKs/current/sdk-core/pebble/basalt/lib/libpebble.a(tmpegg3c_16pebble.o)
                0x0000000000001570                health_service_metric_accessible
 .text.health_service_sum_today
                0x000000000000157c        0xc /home/vscode/.pebble-sdk/SDKs/current/sdk-core/pebble/basalt/lib/libpebble.a(tmpegg3c_16pebble.o)
                0x000000000000157c                health_service_sum_today
 .text.time_start_of_today
                0x0000000000001588        0xc /home/vscode/.pebble-sdk/SDKs/current/sdk-core/pebble/basalt/lib/libpebble.a(tmpegg3c_16pebble.o)
                0x0000000000001588                time_start_of_today
 *(.rodata)
 .rodata        0x0000000000001594        0x8 src/c/sliding_text_pp.c.40.o
 *(.rodata*)
 .rodata.str1.1
                0x000000000000159c       0xf3 src/c/num2words.c.40.o
                                        0x104 (size before relaxing)
 .rodata.str1.1
                0x000000000000168f      0x22a src/c/sliding_text_pp.c.40.o
                                        0x2ec (size before relaxing)

.glue_7         0x00000000000018bc        0x0
 .glue_7        0x0000000000000000        0x0 linker stubs

.glue_7t        0x00000000000018bc        0x0
 .glue_7t       0x0000000000000000        0x0 linker stubs

.vfp11_veneer   0x00000000000018bc        0x0
 .vfp11_veneer  0x0000000000000000        0x0 linker stubs

.v4_bx          0x00000000000018bc        0x0
 .v4_bx         0x0000000000000000        0x0 linker stubs

.iplt           0x00000000000018bc        0x0
 .iplt          0x0000000000000000        0x0 /home/vscode/.pebble-sdk/SDKs/4.9.77/toolchain/arm-none-eabi/bin/../lib/gcc/arm-none-eabi/4.7.2/thumb2/crtbegin.o

.rel.dyn        0x00000000000018bc        0x0
 .rel.iplt      0x0000000000000000        0x0 /home/vscode/.pebble-sdk/SDKs/4.9.77/toolchain/arm-none-eabi/bin/../lib/gcc/arm-none-eabi/4.7.2/thumb2/crtbegin.o
 .rel.got       0x0000000000000000        0x0 /home/vscode/.pebble-sdk/SDKs/4.9.77/toolchain/arm-none-eabi/bin/../lib/gcc/arm-none-eabi/4.7.2/thumb2/crtbegin.o

.data           0x00000000000018bc      0x1e8
 *(.data)
 .data          0x00000000000018bc        0x0 /home/vscode/.pebble-sdk/SDKs/4.9.77/toolchain/arm-none-eabi/bin/../lib/gcc/arm-none-eabi/4.7.2/thumb2/crti.o
 .data          0x00000000000018bc        0x4 /home/vscode/.pebble-sdk/SDKs/4.9.77/toolchain/arm-none-eabi/bin/../lib/gcc/arm-none-eabi/4.7.2/thumb2/crtbegin.o
                0x00000000000018bc                __dso_handle
 .data          0x00000000000018c0        0x0 src/c/num2words.c.40.o
 .data          0x00000000000018c0      0x110 src/c/sliding_text_pp.c.40.o
 .data          0x00000000000019d0        0x0 basalt/appinfo.auto.c.40.o
 .data          0x00000000000019d0        0x0 basalt/src/resource_ids.auto.c.40.o
 .data          0x00000000000019d0        0x0 src/message_keys.auto.c.40.o
 .data          0x00000000000019d0        0x0 /home/vscode/.pebble-sdk/SDKs/current/sdk-core/pebble/basalt/lib/libpebble.a(tmpegg3c_16pebble.o)
 .data          0x00000000000019d0        0x0 /home/vscode/.pebble-sdk/SDKs/4.9.77/toolchain/arm-none-eabi/bin/../lib/gcc/arm-none-eabi/4.7.2/../../../../arm-none-eabi/lib/thumb2/libc.a(lib_a-sprintf.o)
 .data          0x00000000000019d0        0x0 /home/vscode/.pebble-sdk/SDKs/4.9.77/toolchain/arm-none-eabi/bin/../lib/gcc/arm-none-eabi/4.7.2/../../../../arm-none-eabi/lib/thumb2/libc.a(lib_a-svfprintf.o)
 .data          0x00000000000019d0        0x0 /home/vscode/.pebble-sdk/SDKs/4.9.77/toolchain/arm-none-eabi/bin/../lib/gcc/arm-none-eabi/4.7.2/../../../../arm-none-eabi/lib/thumb2/libc.a(lib_a-impure.o)
 .data          0x00000000000019d0        0x0 /home/vscode/.pebble-sdk/SDKs/4.9.77/toolchain/arm-none-eabi/bin/../lib/gcc/arm-none-eabi/4.7.2/../../../../arm-none-eabi/lib/thumb2/libc.a(lib_a-mallocr.o)
 .data          0x00000000000019d0        0x0 /home/vscode/.pebble-sdk/SDKs/4.9.77/toolchain/arm-none-eabi/bin/../lib/gcc/arm-none-eabi/4.7.2/../../../../arm-none-eabi/lib/thumb2/libc.a(lib_a-memchr.o)
 .data          0x00000000000019d0        0x0 /home/vscode/.pebble-sdk/SDKs/4.9.77/toolchain/arm-none-eabi/bin/../lib/gcc/arm-none-eabi/4.7.2/../../../../arm-none-eabi/lib/thumb2/libc.a(lib_a-mlock.o)
 .data          0x00000000000019d0        0x0 /home/vscode/.pebble-sdk/SDKs/4.9.77/toolchain/arm-none-eabi/bin/../lib/gcc/arm-none-eabi/4.7.2/../../../../arm-none-eabi/lib/thumb2/libc.a(lib_a-sbrkr.o)
 .data          0x00000000000019d0        0x0 /home/vscode/.pebble-sdk/SDKs/4.9.77/toolchain/arm-none-eabi/bin/../lib/gcc/arm-none-eabi/4.7.2/../../../../arm-none-eabi/lib/thumb2/libc.a(lib_a-svfiprintf.o)
 .data          0x00000000000019d0        0x0 /home/vscode/.pebble-sdk/SDKs/4.9.77/toolchain/arm-none-eabi/bin/../lib/gcc/arm-none-eabi/4.7.2/../../../../arm-none-eabi/lib/thumb2/libc.a(lib_a-freer.o)
 .data          0x00000000000019d0        0x0 /home/vscode/.pebble-sdk/SDKs/4.9.77/toolchain/arm-none-eabi/bin/../lib/gcc/arm-none-eabi/4.7.2/../../../../arm-none-eabi/lib/thumb2/libc.a(lib_a-reallocr.o)
 .data          0x00000000000019d0        0x0 /home/vscode/.pebble-sdk/SDKs/4.9.77/toolchain/arm-none-eabi/bin/../lib/gcc/arm-none-eabi/4.7.2/../../../../arm-none-eabi/lib/thumb2/libc.a(lib_a-reent.o)
 .data          0x00000000000019d0        0x0 /home/vscode/.pebble-sdk/SDKs/4.9.77/toolchain/arm-none-eabi/bin/../lib/gcc/arm-none-eabi/4.7.2/thumb2/libgcc.a(_aeabi_uldivmod.o)
 .data          0x00000000000019d0        0x0 /home/vscode/.pebble-sdk/SDKs/4.9.77/toolchain/arm-none-eabi/bin/../lib/gcc/arm-none-eabi/4.7.2/thumb2/libgcc.a(bpabi.o)
 .data          0x00000000000019d0        0x0 /home/vscode/.pebble-sdk/SDKs/4.9.77/toolchain/arm-none-eabi/bin/../lib/gcc/arm-none-eabi/4.7.2/thumb2/libgcc.a(_dvmd_tls.o)
 .data          0x00000000000019d0        0x0 /home/vscode/.pebble-sdk/SDKs/4.9.77/toolchain/arm-none-eabi/bin/../lib/gcc/arm-none-eabi/4.7.2/thumb2/libgcc.a(_divdi3.o)
 .data          0x00000000000019d0        0x0 /home/vscode/.pebble-sdk/SDKs/4.9.77/toolchain/arm-none-eabi/bin/../lib/gcc/arm-none-eabi/4.7.2/thumb2/libgcc.a(_udivdi3.o)
 .data          0x00000000000019d0        0x0 /home/vscode/.pebble-sdk/SDKs/4.9.77/toolchain/arm-none-eabi/bin/../lib/gcc/arm-none-eabi/4.7.2/thumb2/libgcc.a(_udivsi3.o)
 .data          0x00000000000019d0        0x0 /home/vscode/.pebble-sdk/SDKs/4.9.77/toolchain/arm-none-eabi/bin/../lib/gcc/arm-none-eabi/4.7.2/thumb2/crtend.o
 .data          0x00000000000019d0        0x0 /home/vscode/.pebble-sdk/SDKs/4.9.77/toolchain/arm-none-eabi/bin/../lib/gcc/arm-none-eabi/4.7.2/thumb2/crtn.o
 *(.data.*)
 .data.rel.ro.local.ONES
                0x00000000000019d0       0x28 src/c/num2words.c.40.o
 .data.rel.ro.local.TENS
                0x00000000000019f8       0x28 src/c/num2words.c.40.o
 .data.rel.ro.local.TEENS_SPLIT
                0x0000000000001a20       0x50 src/c/num2words.c.40.o
 .data.rel.ro.local.TEENS
                0x0000000000001a70       0x28 src/c/num2words.c.40.o
 .data.rel.ro.local.s_animation_implementation.7711
                0x0000000000001a98        0xc src/c/sliding_text_pp.c.40.o

.igot.plt       0x0000000000001aa4        0x0
 .igot.plt      0x0000000000000000        0x0 /home/vscode/.pebble-sdk/SDKs/4.9.77/toolchain/arm-none-eabi/bin/../lib/gcc/arm-none-eabi/4.7.2/thumb2/crtbegin.o

.got            0x0000000000001aa4        0x4
 .got           0x0000000000001aa4        0x4 /home/vscode/.pebble-sdk/SDKs/4.9.77/toolchain/arm-none-eabi/bin/../lib/gcc/arm-none-eabi/4.7.2/thumb2/crtbegin.o

.got.plt        0x0000000000001aa8        0xc
 .got.plt       0x0000000000001aa8        0xc /home/vscode/.pebble-sdk/SDKs/4.9.77/toolchain/arm-none-eabi/bin/../lib/gcc/arm-none-eabi/4.7.2/thumb2/crtbegin.o
                0x0000000000001aa8                _GLOBAL_OFFSET_TABLE_

.bss            0x0000000000001ab4        0x4
 *(.bss)
 *(.bss.*)
 COMMON         0x0000000000001ab4        0x4 src/c/sliding_text_pp.c.40.o
                0x0000000000001ab4                s_data

DISCARD
 libc.a(*)
 libm.a(*)
 libgcc.a(*)
 *(.eh_frame)
OUTPUT(/workspaces/codespaces-pebble/myfirstproject/build/basalt/pebble-app.elf elf32-littlearm)

.ARM.attributes
                0x0000000000000000       0x27
 .ARM.attributes
                0x0000000000000000       0x19 /home/vscode/.pebble-sdk/SDKs/4.9.77/toolchain/arm-none-eabi/bin/../lib/gcc/arm-none-eabi/4.7.2/thumb2/crti.o
 .ARM.attributes
                0x0000000000000019       0x29 /home/vscode/.pebble-sdk/SDKs/4.9.77/toolchain/arm-none-eabi/bin/../lib/gcc/arm-none-eabi/4.7.2/thumb2/crtbegin.o
 .ARM.attributes
                0x0000000000000042       0x33 src/c/num2words.c.40.o
 .ARM.attributes
                0x0000000000000075       0x33 src/c/sliding_text_pp.c.40.o
 .ARM.attributes
                0x00000000000000a8       0x33 basalt/appinfo.auto.c.40.o
 .ARM.attributes
                0x00000000000000db       0x33 basalt/src/resource_ids.auto.c.40.o
 .ARM.attributes
                0x000000000000010e       0x33 src/message_keys.auto.c.40.o
 .ARM.attributes
                0x0000000000000141       0x1b /home/vscode/.pebble-sdk/SDKs/current/sdk-core/pebble/basalt/lib/libpebble.a(tmpegg3c_16pebble.o)
 .ARM.attributes
                0x000000000000015c       0x29 /home/vscode/.pebble-sdk/SDKs/4.9.77/toolchain/arm-none-eabi/bin/../lib/gcc/arm-none-eabi/4.7.2/../../../../arm-none-eabi/lib/thumb2/libc.a(lib_a-sprintf.o)
 .ARM.attributes
                0x0000000000000185       0x29 /home/vscode/.pebble-sdk/SDKs/4.9.77/toolchain/arm-none-eabi/bin/../lib/gcc/arm-none-eabi/4.7.2/../../../../arm-none-eabi/lib/thumb2/libc.a(lib_a-svfprintf.o)
 .ARM.attributes
                0x00000000000001ae       0x29 /home/vscode/.pebble-sdk/SDKs/4.9.77/toolchain/arm-none-eabi/bin/../lib/gcc/arm-none-eabi/4.7.2/../../../../arm-none-eabi/lib/thumb2/libc.a(lib_a-impure.o)
 .ARM.attributes
                0x00000000000001d7       0x29 /home/vscode/.pebble-sdk/SDKs/4.9.77/toolchain/arm-none-eabi/bin/../lib/gcc/arm-none-eabi/4.7.2/../../../../arm-none-eabi/lib/thumb2/libc.a(lib_a-mallocr.o)
 .ARM.attributes
                0x0000000000000200       0x29 /home/vscode/.pebble-sdk/SDKs/4.9.77/toolchain/arm-none-eabi/bin/../lib/gcc/arm-none-eabi/4.7.2/../../../../arm-none-eabi/lib/thumb2/libc.a(lib_a-memchr.o)
 .ARM.attributes
                0x0000000000000229       0x29 /home/vscode/.pebble-sdk/SDKs/4.9.77/toolchain/arm-none-eabi/bin/../lib/gcc/arm-none-eabi/4.7.2/../../../../arm-none-eabi/lib/thumb2/libc.a(lib_a-mlock.o)
 .ARM.attributes
                0x0000000000000252       0x29 /home/vscode/.pebble-sdk/SDKs/4.9.77/toolchain/arm-none-eabi/bin/../lib/gcc/arm-none-eabi/4.7.2/../../../../arm-none-eabi/lib/thumb2/libc.a(lib_a-sbrkr.o)
 .ARM.attributes
                0x000000000000027b       0x29 /home/vscode/.pebble-sdk/SDKs/4.9.77/toolchain/arm-none-eabi/bin/../lib/gcc/arm-none-eabi/4.7.2/../../../../arm-none-eabi/lib/thumb2/libc.a(lib_a-svfiprintf.o)
 .ARM.attributes
                0x00000000000002a4       0x29 /home/vscode/.pebble-sdk/SDKs/4.9.77/toolchain/arm-none-eabi/bin/../lib/gcc/arm-none-eabi/4.7.2/../../../../arm-none-eabi/lib/thumb2/libc.a(lib_a-freer.o)
 .ARM.attributes
                0x00000000000002cd       0x29 /home/vscode/.pebble-sdk/SDKs/4.9.77/toolchain/arm-none-eabi/bin/../lib/gcc/arm-none-eabi/4.7.2/../../../../arm-none-eabi/lib/thumb2/libc.a(lib_a-reallocr.o)
 .ARM.attributes
                0x00000000000002f6       0x29 /home/vscode/.pebble-sdk/SDKs/4.9.77/toolchain/arm-none-eabi/bin/../lib/gcc/arm-none-eabi/4.7.2/../../../../arm-none-eabi/lib/thumb2/libc.a(lib_a-reent.o)
 .ARM.attributes
                0x000000000000031f       0x19 /home/vscode/.pebble-sdk/SDKs/4.9.77/toolchain/arm-none-eabi/bin/../lib/gcc/arm-none-eabi/4.7.2/thumb2/libgcc.a(_aeabi_uldivmod.o)
 .ARM.attributes
                0x0000000000000338       0x29 /home/vscode/.pebble-sdk/SDKs/4.9.77/toolchain/arm-none-eabi/bin/../lib/gcc/arm-none-eabi/4.7.2/thumb2/libgcc.a(bpabi.o)
 .ARM.attributes
                0x0000000000000361       0x19 /home/vscode/.pebble-sdk/SDKs/4.9.77/toolchain/arm-none-eabi/bin/../lib/gcc/arm-none-eabi/4.7.2/thumb2/libgcc.a(_dvmd_tls.o)
 .ARM.attributes
                0x000000000000037a       0x29 /home/vscode/.pebble-sdk/SDKs/4.9.77/toolchain/arm-none-eabi/bin/../lib/gcc/arm-none-eabi/4.7.2/thumb2/libgcc.a(_divdi3.o)
 .ARM.attributes
                0x00000000000003a3       0x29 /home/vscode/.pebble-sdk/SDKs/4.9.77/toolchain/arm-none-eabi/bin/../lib/gcc/arm-none-eabi/4.7.2/thumb2/libgcc.a(_udivdi3.o)
 .ARM.attributes
                0x00000000000003cc       0x19 /home/vscode/.pebble-sdk/SDKs/4.9.77/toolchain/arm-none-eabi/bin/../lib/gcc/arm-none-eabi/4.7.2/thumb2/libgcc.a(_udivsi3.o)
 .ARM.attributes
                0x00000000000003e5       0x29 /home/vscode/.pebble-sdk/SDKs/4.9.77/toolchain/arm-none-eabi/bin/../lib/gcc/arm-none-eabi/4.7.2/thumb2/crtend.o
 .ARM.attributes
                0x000000000000040e       0x19 /home/vscode/.pebble-sdk/SDKs/4.9.77/toolchain/arm-none-eabi/bin/../lib/gcc/arm-none-eabi/4.7.2/thumb2/crtn.o

.comment        0x0000000000000000       0x4e
 .comment       0x0000000000000000       0x4e /home/vscode/.pebble-sdk/SDKs/4.9.77/toolchain/arm-none-eabi/bin/../lib/gcc/arm-none-eabi/4.7.2/thumb2/crtbegin.o
                                         0x4f (size before relaxing)
 .comment       0x0000000000000000       0x4f src/c/num2words.c.40.o
 .comment       0x0000000000000000       0x4f src/c/sliding_text_pp.c.40.o
 .comment       0x0000000000000000       0x4f basalt/appinfo.auto.c.40.o
 .comment       0x0000000000000000       0x4f basalt/src/resource_ids.auto.c.40.o
 .comment       0x0000000000000000       0x4f src/message_keys.auto.c.40.o
 .comment       0x0000000000000000       0x4f /home/vscode/.pebble-sdk/SDKs/4.9.77/toolchain/arm-none-eabi/bin/../lib/gcc/arm-none-eabi/4.7.2/../../../../arm-none-eabi/lib/thumb2/libc.a(lib_a-sprintf.o)
 .comment       0x0000000000000000       0x4f /home/vscode/.pebble-sdk/SDKs/4.9.77/toolchain/arm-none-eabi/bin/../lib/gcc/arm-none-eabi/4.7.2/../../../../arm-none-eabi/lib/thumb2/libc.a(lib_a-svfprintf.o)
 .comment       0x0000000000000000       0x4f /home/vscode/.pebble-sdk/SDKs/4.9.77/toolchain/arm-none-eabi/bin/../lib/gcc/arm-none-eabi/4.7.2/../../../../arm-none-eabi/lib/thumb2/libc.a(lib_a-impure.o)
 .comment       0x0000000000000000       0x4f /home/vscode/.pebble-sdk/SDKs/4.9.77/toolchain/arm-none-eabi/bin/../lib/gcc/arm-none-eabi/4.7.2/../../../../arm-none-eabi/lib/thumb2/libc.a(lib_a-mallocr.o)
 .comment       0x0000000000000000       0x4f /home/vscode/.pebble-sdk/SDKs/4.9.77/toolchain/arm-none-eabi/bin/../lib/gcc/arm-none-eabi/4.7.2/../../../../arm-none-eabi/lib/thumb2/libc.a(lib_a-memchr.o)
 .comment       0x0000000000000000       0x4f /home/vscode/.pebble-sdk/SDKs/4.9.77/toolchain/arm-none-eabi/bin/../lib/gcc/arm-none-eabi/4.7.2/../../../../arm-none-eabi/lib/thumb2/libc.a(lib_a-mlock.o)
 .comment       0x0000000000000000       0x4f /home/vscode/.pebble-sdk/SDKs/4.9.77/toolchain/arm-none-eabi/bin/../lib/gcc/arm-none-eabi/4.7.2/../../../../arm-none-eabi/lib/thumb2/libc.a(lib_a-sbrkr.o)
 .comment       0x0000000000000000       0x4f /home/vscode/.pebble-sdk/SDKs/4.9.77/toolchain/arm-none-eabi/bin/../lib/gcc/arm-none-eabi/4.7.2/../../../../arm-none-eabi/lib/thumb2/libc.a(lib_a-svfiprintf.o)
 .comment       0x0000000000000000       0x4f /home/vscode/.pebble-sdk/SDKs/4.9.77/toolchain/arm-none-eabi/bin/../lib/gcc/arm-none-eabi/4.7.2/../../../../arm-none-eabi/lib/thumb2/libc.a(lib_a-freer.o)
 .comment       0x0000000000000000       0x4f /home/vscode/.pebble-sdk/SDKs/4.9.77/toolchain/arm-none-eabi/bin/../lib/gcc/arm-none-eabi/4.7.2/../../../../arm-none-eabi/lib/thumb2/libc.a(lib_a-reallocr.o)
 .comment       0x0000000000000000       0x4f /home/vscode/.pebble-sdk/SDKs/4.9.77/toolchain/arm-none-eabi/bin/../lib/gcc/arm-none-eabi/4.7.2/../../../../arm-none-eabi/lib/thumb2/libc.a(lib_a-reent.o)
 .comment       0x0000000000000000       0x4f /home/vscode/.pebble-sdk/SDKs/4.9.77/toolchain/arm-none-eabi/bin/../lib/gcc/arm-none-eabi/4.7.2/thumb2/libgcc.a(bpabi.o)
 .comment       0x0000000000000000       0x4f /home/vscode/.pebble-sdk/SDKs/4.9.77/toolchain/arm-none-eabi/bin/../lib/gcc/arm-none-eabi/4.7.2/thumb2/libgcc.a(_divdi3.o)
 .comment       0x0000000000000000       0x4f /home/vscode/.pebble-sdk/SDKs/4.9.77/toolchain/arm-none-eabi/bin/../lib/gcc/arm-none-eabi/4.7.2/thumb2/libgcc.a(_udivdi3.o)
 .comment       0x0000000000000000       0x4f /home/vscode/.pebble-sdk/SDKs/4.9.77/toolchain/arm-none-eabi/bin/../lib/gcc/arm-none-eabi/4.7.2/thumb2/crtend.o

.debug_info     0x0000000000000000     0xc001
 .debug_info    0x0000000000000000      0x696 src/c/num2words.c.40.o
 .debug_info    0x0000000000000696     0x2d14 src/c/sliding_text_pp.c.40.o
 .debug_info    0x00000000000033aa      0x350 basalt/appinfo.auto.c.40.o
 .debug_info    0x00000000000036fa       0x64 basalt/src/resource_ids.auto.c.40.o
 .debug_info    0x000000000000375e       0x81 src/message_keys.auto.c.40.o
 .debug_info    0x00000000000037df      0xa3f /home/vscode/.pebble-sdk/SDKs/4.9.77/toolchain/arm-none-eabi/bin/../lib/gcc/arm-none-eabi/4.7.2/../../../../arm-none-eabi/lib/thumb2/libc.a(lib_a-sprintf.o)
 .debug_info    0x000000000000421e      0xece /home/vscode/.pebble-sdk/SDKs/4.9.77/toolchain/arm-none-eabi/bin/../lib/gcc/arm-none-eabi/4.7.2/../../../../arm-none-eabi/lib/thumb2/libc.a(lib_a-svfprintf.o)
 .debug_info    0x00000000000050ec      0x979 /home/vscode/.pebble-sdk/SDKs/4.9.77/toolchain/arm-none-eabi/bin/../lib/gcc/arm-none-eabi/4.7.2/../../../../arm-none-eabi/lib/thumb2/libc.a(lib_a-impure.o)
 .debug_info    0x0000000000005a65      0xd94 /home/vscode/.pebble-sdk/SDKs/4.9.77/toolchain/arm-none-eabi/bin/../lib/gcc/arm-none-eabi/4.7.2/../../../../arm-none-eabi/lib/thumb2/libc.a(lib_a-mallocr.o)
 .debug_info    0x00000000000067f9      0x101 /home/vscode/.pebble-sdk/SDKs/4.9.77/toolchain/arm-none-eabi/bin/../lib/gcc/arm-none-eabi/4.7.2/../../../../arm-none-eabi/lib/thumb2/libc.a(lib_a-memchr.o)
 .debug_info    0x00000000000068fa      0x8f8 /home/vscode/.pebble-sdk/SDKs/4.9.77/toolchain/arm-none-eabi/bin/../lib/gcc/arm-none-eabi/4.7.2/../../../../arm-none-eabi/lib/thumb2/libc.a(lib_a-mlock.o)
 .debug_info    0x00000000000071f2      0x93f /home/vscode/.pebble-sdk/SDKs/4.9.77/toolchain/arm-none-eabi/bin/../lib/gcc/arm-none-eabi/4.7.2/../../../../arm-none-eabi/lib/thumb2/libc.a(lib_a-sbrkr.o)
 .debug_info    0x0000000000007b31     0x1056 /home/vscode/.pebble-sdk/SDKs/4.9.77/toolchain/arm-none-eabi/bin/../lib/gcc/arm-none-eabi/4.7.2/../../../../arm-none-eabi/lib/thumb2/libc.a(lib_a-svfiprintf.o)
 .debug_info    0x0000000000008b87      0xc7e /home/vscode/.pebble-sdk/SDKs/4.9.77/toolchain/arm-none-eabi/bin/../lib/gcc/arm-none-eabi/4.7.2/../../../../arm-none-eabi/lib/thumb2/libc.a(lib_a-freer.o)
 .debug_info    0x0000000000009805      0xcb3 /home/vscode/.pebble-sdk/SDKs/4.9.77/toolchain/arm-none-eabi/bin/../lib/gcc/arm-none-eabi/4.7.2/../../../../arm-none-eabi/lib/thumb2/libc.a(lib_a-reallocr.o)
 .debug_info    0x000000000000a4b8      0xad6 /home/vscode/.pebble-sdk/SDKs/4.9.77/toolchain/arm-none-eabi/bin/../lib/gcc/arm-none-eabi/4.7.2/../../../../arm-none-eabi/lib/thumb2/libc.a(lib_a-reent.o)
 .debug_info    0x000000000000af8e       0xb2 /home/vscode/.pebble-sdk/SDKs/4.9.77/toolchain/arm-none-eabi/bin/../lib/gcc/arm-none-eabi/4.7.2/thumb2/libgcc.a(_aeabi_uldivmod.o)
 .debug_info    0x000000000000b040      0x174 /home/vscode/.pebble-sdk/SDKs/4.9.77/toolchain/arm-none-eabi/bin/../lib/gcc/arm-none-eabi/4.7.2/thumb2/libgcc.a(bpabi.o)
 .debug_info    0x000000000000b1b4       0xb6 /home/vscode/.pebble-sdk/SDKs/4.9.77/toolchain/arm-none-eabi/bin/../lib/gcc/arm-none-eabi/4.7.2/thumb2/libgcc.a(_dvmd_tls.o)
 .debug_info    0x000000000000b26a      0x68f /home/vscode/.pebble-sdk/SDKs/4.9.77/toolchain/arm-none-eabi/bin/../lib/gcc/arm-none-eabi/4.7.2/thumb2/libgcc.a(_divdi3.o)
 .debug_info    0x000000000000b8f9      0x652 /home/vscode/.pebble-sdk/SDKs/4.9.77/toolchain/arm-none-eabi/bin/../lib/gcc/arm-none-eabi/4.7.2/thumb2/libgcc.a(_udivdi3.o)
 .debug_info    0x000000000000bf4b       0xb6 /home/vscode/.pebble-sdk/SDKs/4.9.77/toolchain/arm-none-eabi/bin/../lib/gcc/arm-none-eabi/4.7.2/thumb2/libgcc.a(_udivsi3.o)

.debug_abbrev   0x0000000000000000     0x200f
 .debug_abbrev  0x0000000000000000      0x1a8 src/c/num2words.c.40.o
 .debug_abbrev  0x00000000000001a8      0x512 src/c/sliding_text_pp.c.40.o
 .debug_abbrev  0x00000000000006ba       0x9e basalt/appinfo.auto.c.40.o
 .debug_abbrev  0x0000000000000758       0x26 basalt/src/resource_ids.auto.c.40.o
 .debug_abbrev  0x000000000000077e       0x44 src/message_keys.auto.c.40.o
 .debug_abbrev  0x00000000000007c2      0x1b9 /home/vscode/.pebble-sdk/SDKs/4.9.77/toolchain/arm-none-eabi/bin/../lib/gcc/arm-none-eabi/4.7.2/../../../../arm-none-eabi/lib/thumb2/libc.a(lib_a-sprintf.o)
 .debug_abbrev  0x000000000000097b      0x268 /home/vscode/.pebble-sdk/SDKs/4.9.77/toolchain/arm-none-eabi/bin/../lib/gcc/arm-none-eabi/4.7.2/../../../../arm-none-eabi/lib/thumb2/libc.a(lib_a-svfprintf.o)
 .debug_abbrev  0x0000000000000be3      0x14c /home/vscode/.pebble-sdk/SDKs/4.9.77/toolchain/arm-none-eabi/bin/../lib/gcc/arm-none-eabi/4.7.2/../../../../arm-none-eabi/lib/thumb2/libc.a(lib_a-impure.o)
 .debug_abbrev  0x0000000000000d2f      0x252 /home/vscode/.pebble-sdk/SDKs/4.9.77/toolchain/arm-none-eabi/bin/../lib/gcc/arm-none-eabi/4.7.2/../../../../arm-none-eabi/lib/thumb2/libc.a(lib_a-mallocr.o)
 .debug_abbrev  0x0000000000000f81       0xad /home/vscode/.pebble-sdk/SDKs/4.9.77/toolchain/arm-none-eabi/bin/../lib/gcc/arm-none-eabi/4.7.2/../../../../arm-none-eabi/lib/thumb2/libc.a(lib_a-memchr.o)
 .debug_abbrev  0x000000000000102e      0x157 /home/vscode/.pebble-sdk/SDKs/4.9.77/toolchain/arm-none-eabi/bin/../lib/gcc/arm-none-eabi/4.7.2/../../../../arm-none-eabi/lib/thumb2/libc.a(lib_a-mlock.o)
 .debug_abbrev  0x0000000000001185      0x1ba /home/vscode/.pebble-sdk/SDKs/4.9.77/toolchain/arm-none-eabi/bin/../lib/gcc/arm-none-eabi/4.7.2/../../../../arm-none-eabi/lib/thumb2/libc.a(lib_a-sbrkr.o)
 .debug_abbrev  0x000000000000133f      0x2ba /home/vscode/.pebble-sdk/SDKs/4.9.77/toolchain/arm-none-eabi/bin/../lib/gcc/arm-none-eabi/4.7.2/../../../../arm-none-eabi/lib/thumb2/libc.a(lib_a-svfiprintf.o)
 .debug_abbrev  0x00000000000015f9      0x214 /home/vscode/.pebble-sdk/SDKs/4.9.77/toolchain/arm-none-eabi/bin/../lib/gcc/arm-none-eabi/4.7.2/../../../../arm-none-eabi/lib/thumb2/libc.a(lib_a-freer.o)
 .debug_abbrev  0x000000000000180d      0x228 /home/vscode/.pebble-sdk/SDKs/4.9.77/toolchain/arm-none-eabi/bin/../lib/gcc/arm-none-eabi/4.7.2/../../../../arm-none-eabi/lib/thumb2/libc.a(lib_a-reallocr.o)
 .debug_abbrev  0x0000000000001a35      0x24b /home/vscode/.pebble-sdk/SDKs/4.9.77/toolchain/arm-none-eabi/bin/../lib/gcc/arm-none-eabi/4.7.2/../../../../arm-none-eabi/lib/thumb2/libc.a(lib_a-reent.o)
 .debug_abbrev  0x0000000000001c80       0x14 /home/vscode/.pebble-sdk/SDKs/4.9.77/toolchain/arm-none-eabi/bin/../lib/gcc/arm-none-eabi/4.7.2/thumb2/libgcc.a(_aeabi_uldivmod.o)
 .debug_abbrev  0x0000000000001c94       0xb7 /home/vscode/.pebble-sdk/SDKs/4.9.77/toolchain/arm-none-eabi/bin/../lib/gcc/arm-none-eabi/4.7.2/thumb2/libgcc.a(bpabi.o)
 .debug_abbrev  0x0000000000001d4b       0x14 /home/vscode/.pebble-sdk/SDKs/4.9.77/toolchain/arm-none-eabi/bin/../lib/gcc/arm-none-eabi/4.7.2/thumb2/libgcc.a(_dvmd_tls.o)
 .debug_abbrev  0x0000000000001d5f      0x151 /home/vscode/.pebble-sdk/SDKs/4.9.77/toolchain/arm-none-eabi/bin/../lib/gcc/arm-none-eabi/4.7.2/thumb2/libgcc.a(_divdi3.o)
 .debug_abbrev  0x0000000000001eb0      0x14b /home/vscode/.pebble-sdk/SDKs/4.9.77/toolchain/arm-none-eabi/bin/../lib/gcc/arm-none-eabi/4.7.2/thumb2/libgcc.a(_udivdi3.o)
 .debug_abbrev  0x0000000000001ffb       0x14 /home/vscode/.pebble-sdk/SDKs/4.9.77/toolchain/arm-none-eabi/bin/../lib/gcc/arm-none-eabi/4.7.2/thumb2/libgcc.a(_udivsi3.o)

.debug_loc      0x0000000000000000     0x6ab4
 .debug_loc     0x0000000000000000      0x58b src/c/num2words.c.40.o
 .debug_loc     0x000000000000058b      0xe91 src/c/sliding_text_pp.c.40.o
 .debug_loc     0x000000000000141c      0x107 /home/vscode/.pebble-sdk/SDKs/4.9.77/toolchain/arm-none-eabi/bin/../lib/gcc/arm-none-eabi/4.7.2/../../../../arm-none-eabi/lib/thumb2/libc.a(lib_a-sprintf.o)
 .debug_loc     0x0000000000001523      0xd9d /home/vscode/.pebble-sdk/SDKs/4.9.77/toolchain/arm-none-eabi/bin/../lib/gcc/arm-none-eabi/4.7.2/../../../../arm-none-eabi/lib/thumb2/libc.a(lib_a-svfprintf.o)
 .debug_loc     0x00000000000022c0      0x73d /home/vscode/.pebble-sdk/SDKs/4.9.77/toolchain/arm-none-eabi/bin/../lib/gcc/arm-none-eabi/4.7.2/../../../../arm-none-eabi/lib/thumb2/libc.a(lib_a-mallocr.o)
 .debug_loc     0x00000000000029fd       0x96 /home/vscode/.pebble-sdk/SDKs/4.9.77/toolchain/arm-none-eabi/bin/../lib/gcc/arm-none-eabi/4.7.2/../../../../arm-none-eabi/lib/thumb2/libc.a(lib_a-memchr.o)
 .debug_loc     0x0000000000002a93       0x5f /home/vscode/.pebble-sdk/SDKs/4.9.77/toolchain/arm-none-eabi/bin/../lib/gcc/arm-none-eabi/4.7.2/../../../../arm-none-eabi/lib/thumb2/libc.a(lib_a-sbrkr.o)
 .debug_loc     0x0000000000002af2      0xfcd /home/vscode/.pebble-sdk/SDKs/4.9.77/toolchain/arm-none-eabi/bin/../lib/gcc/arm-none-eabi/4.7.2/../../../../arm-none-eabi/lib/thumb2/libc.a(lib_a-svfiprintf.o)
 .debug_loc     0x0000000000003abf      0x407 /home/vscode/.pebble-sdk/SDKs/4.9.77/toolchain/arm-none-eabi/bin/../lib/gcc/arm-none-eabi/4.7.2/../../../../arm-none-eabi/lib/thumb2/libc.a(lib_a-freer.o)
 .debug_loc     0x0000000000003ec6      0xbac /home/vscode/.pebble-sdk/SDKs/4.9.77/toolchain/arm-none-eabi/bin/../lib/gcc/arm-none-eabi/4.7.2/../../../../arm-none-eabi/lib/thumb2/libc.a(lib_a-reallocr.o)
 .debug_loc     0x0000000000004a72      0x13f /home/vscode/.pebble-sdk/SDKs/4.9.77/toolchain/arm-none-eabi/bin/../lib/gcc/arm-none-eabi/4.7.2/../../../../arm-none-eabi/lib/thumb2/libc.a(lib_a-reent.o)
 .debug_loc     0x0000000000004bb1       0xe0 /home/vscode/.pebble-sdk/SDKs/4.9.77/toolchain/arm-none-eabi/bin/../lib/gcc/arm-none-eabi/4.7.2/thumb2/libgcc.a(bpabi.o)
 .debug_loc     0x0000000000004c91      0xebd /home/vscode/.pebble-sdk/SDKs/4.9.77/toolchain/arm-none-eabi/bin/../lib/gcc/arm-none-eabi/4.7.2/thumb2/libgcc.a(_divdi3.o)
 .debug_loc     0x0000000000005b4e      0xf66 /home/vscode/.pebble-sdk/SDKs/4.9.77/toolchain/arm-none-eabi/bin/../lib/gcc/arm-none-eabi/4.7.2/thumb2/libgcc.a(_udivdi3.o)

.debug_aranges  0x0000000000000000      0x368
 .debug_aranges
                0x0000000000000000       0x48 src/c/num2words.c.40.o
 .debug_aranges
                0x0000000000000048       0x90 src/c/sliding_text_pp.c.40.o
 .debug_aranges
                0x00000000000000d8       0x18 basalt/appinfo.auto.c.40.o
 .debug_aranges
                0x00000000000000f0       0x18 basalt/src/resource_ids.auto.c.40.o
 .debug_aranges
                0x0000000000000108       0x18 src/message_keys.auto.c.40.o
 .debug_aranges
                0x0000000000000120       0x28 /home/vscode/.pebble-sdk/SDKs/4.9.77/toolchain/arm-none-eabi/bin/../lib/gcc/arm-none-eabi/4.7.2/../../../../arm-none-eabi/lib/thumb2/libc.a(lib_a-sprintf.o)
 .debug_aranges
                0x0000000000000148       0x20 /home/vscode/.pebble-sdk/SDKs/4.9.77/toolchain/arm-none-eabi/bin/../lib/gcc/arm-none-eabi/4.7.2/../../../../arm-none-eabi/lib/thumb2/libc.a(lib_a-svfprintf.o)
 .debug_aranges
                0x0000000000000168       0x18 /home/vscode/.pebble-sdk/SDKs/4.9.77/toolchain/arm-none-eabi/bin/../lib/gcc/arm-none-eabi/4.7.2/../../../../arm-none-eabi/lib/thumb2/libc.a(lib_a-impure.o)
 .debug_aranges
                0x0000000000000180       0x20 /home/vscode/.pebble-sdk/SDKs/4.9.77/toolchain/arm-none-eabi/bin/../lib/gcc/arm-none-eabi/4.7.2/../../../../arm-none-eabi/lib/thumb2/libc.a(lib_a-mallocr.o)
 .debug_aranges
                0x00000000000001a0       0x20 /home/vscode/.pebble-sdk/SDKs/4.9.77/toolchain/arm-none-eabi/bin/../lib/gcc/arm-none-eabi/4.7.2/../../../../arm-none-eabi/lib/thumb2/libc.a(lib_a-memchr.o)
 .debug_aranges
                0x00000000000001c0       0x28 /home/vscode/.pebble-sdk/SDKs/4.9.77/toolchain/arm-none-eabi/bin/../lib/gcc/arm-none-eabi/4.7.2/../../../../arm-none-eabi/lib/thumb2/libc.a(lib_a-mlock.o)
 .debug_aranges
                0x00000000000001e8       0x20 /home/vscode/.pebble-sdk/SDKs/4.9.77/toolchain/arm-none-eabi/bin/../lib/gcc/arm-none-eabi/4.7.2/../../../../arm-none-eabi/lib/thumb2/libc.a(lib_a-sbrkr.o)
 .debug_aranges
                0x0000000000000208       0x28 /home/vscode/.pebble-sdk/SDKs/4.9.77/toolchain/arm-none-eabi/bin/../lib/gcc/arm-none-eabi/4.7.2/../../../../arm-none-eabi/lib/thumb2/libc.a(lib_a-svfiprintf.o)
 .debug_aranges
                0x0000000000000230       0x28 /home/vscode/.pebble-sdk/SDKs/4.9.77/toolchain/arm-none-eabi/bin/../lib/gcc/arm-none-eabi/4.7.2/../../../../arm-none-eabi/lib/thumb2/libc.a(lib_a-freer.o)
 .debug_aranges
                0x0000000000000258       0x20 /home/vscode/.pebble-sdk/SDKs/4.9.77/toolchain/arm-none-eabi/bin/../lib/gcc/arm-none-eabi/4.7.2/../../../../arm-none-eabi/lib/thumb2/libc.a(lib_a-reallocr.o)
 .debug_aranges
                0x0000000000000278       0x30 /home/vscode/.pebble-sdk/SDKs/4.9.77/toolchain/arm-none-eabi/bin/../lib/gcc/arm-none-eabi/4.7.2/../../../../arm-none-eabi/lib/thumb2/libc.a(lib_a-reent.o)
 .debug_aranges
                0x00000000000002a8       0x20 /home/vscode/.pebble-sdk/SDKs/4.9.77/toolchain/arm-none-eabi/bin/../lib/gcc/arm-none-eabi/4.7.2/thumb2/libgcc.a(_aeabi_uldivmod.o)
 .debug_aranges
                0x00000000000002c8       0x20 /home/vscode/.pebble-sdk/SDKs/4.9.77/toolchain/arm-none-eabi/bin/../lib/gcc/arm-none-eabi/4.7.2/thumb2/libgcc.a(bpabi.o)
 .debug_aranges
                0x00000000000002e8       0x20 /home/vscode/.pebble-sdk/SDKs/4.9.77/toolchain/arm-none-eabi/bin/../lib/gcc/arm-none-eabi/4.7.2/thumb2/libgcc.a(_dvmd_tls.o)
 .debug_aranges
                0x0000000000000308       0x20 /home/vscode/.pebble-sdk/SDKs/4.9.77/toolchain/arm-none-eabi/bin/../lib/gcc/arm-none-eabi/4.7.2/thumb2/libgcc.a(_divdi3.o)
 .debug_aranges
                0x0000000000000328       0x20 /home/vscode/.pebble-sdk/SDKs/4.9.77/toolchain/arm-none-eabi/bin/../lib/gcc/arm-none-eabi/4.7.2/thumb2/libgcc.a(_udivdi3.o)
 .debug_aranges
                0x0000000000000348       0x20 /home/vscode/.pebble-sdk/SDKs/4.9.77/toolchain/arm-none-eabi/bin/../lib/gcc/arm-none-eabi/4.7.2/thumb2/libgcc.a(_udivsi3.o)

.debug_ranges   0x0000000000000000      0x578
 .debug_ranges  0x0000000000000000       0x38 src/c/num2words.c.40.o
 .debug_ranges  0x0000000000000038      0x230 src/c/sliding_text_pp.c.40.o
 .debug_ranges  0x0000000000000268       0x18 /home/vscode/.pebble-sdk/SDKs/4.9.77/toolchain/arm-none-eabi/bin/../lib/gcc/arm-none-eabi/4.7.2/../../../../arm-none-eabi/lib/thumb2/libc.a(lib_a-sprintf.o)
 .debug_ranges  0x0000000000000280       0x30 /home/vscode/.pebble-sdk/SDKs/4.9.77/toolchain/arm-none-eabi/bin/../lib/gcc/arm-none-eabi/4.7.2/../../../../arm-none-eabi/lib/thumb2/libc.a(lib_a-svfprintf.o)
 .debug_ranges  0x00000000000002b0       0x10 /home/vscode/.pebble-sdk/SDKs/4.9.77/toolchain/arm-none-eabi/bin/../lib/gcc/arm-none-eabi/4.7.2/../../../../arm-none-eabi/lib/thumb2/libc.a(lib_a-mallocr.o)
 .debug_ranges  0x00000000000002c0       0x10 /home/vscode/.pebble-sdk/SDKs/4.9.77/toolchain/arm-none-eabi/bin/../lib/gcc/arm-none-eabi/4.7.2/../../../../arm-none-eabi/lib/thumb2/libc.a(lib_a-memchr.o)
 .debug_ranges  0x00000000000002d0       0x18 /home/vscode/.pebble-sdk/SDKs/4.9.77/toolchain/arm-none-eabi/bin/../lib/gcc/arm-none-eabi/4.7.2/../../../../arm-none-eabi/lib/thumb2/libc.a(lib_a-mlock.o)
 .debug_ranges  0x00000000000002e8       0x10 /home/vscode/.pebble-sdk/SDKs/4.9.77/toolchain/arm-none-eabi/bin/../lib/gcc/arm-none-eabi/4.7.2/../../../../arm-none-eabi/lib/thumb2/libc.a(lib_a-sbrkr.o)
 .debug_ranges  0x00000000000002f8       0x38 /home/vscode/.pebble-sdk/SDKs/4.9.77/toolchain/arm-none-eabi/bin/../lib/gcc/arm-none-eabi/4.7.2/../../../../arm-none-eabi/lib/thumb2/libc.a(lib_a-svfiprintf.o)
 .debug_ranges  0x0000000000000330       0x18 /home/vscode/.pebble-sdk/SDKs/4.9.77/toolchain/arm-none-eabi/bin/../lib/gcc/arm-none-eabi/4.7.2/../../../../arm-none-eabi/lib/thumb2/libc.a(lib_a-freer.o)
 .debug_ranges  0x0000000000000348       0x10 /home/vscode/.pebble-sdk/SDKs/4.9.77/toolchain/arm-none-eabi/bin/../lib/gcc/arm-none-eabi/4.7.2/../../../../arm-none-eabi/lib/thumb2/libc.a(lib_a-reallocr.o)
 .debug_ranges  0x0000000000000358       0x20 /home/vscode/.pebble-sdk/SDKs/4.9.77/toolchain/arm-none-eabi/bin/../lib/gcc/arm-none-eabi/4.7.2/../../../../arm-none-eabi/lib/thumb2/libc.a(lib_a-reent.o)
 .debug_ranges  0x0000000000000378      0x108 /home/vscode/.pebble-sdk/SDKs/4.9.77/toolchain/arm-none-eabi/bin/../lib/gcc/arm-none-eabi/4.7.2/thumb2/libgcc.a(_divdi3.o)
 .debug_ranges  0x0000000000000480       0xf8 /home/vscode/.pebble-sdk/SDKs/4.9.77/toolchain/arm-none-eabi/bin/../lib/gcc/arm-none-eabi/4.7.2/thumb2/libgcc.a(_udivdi3.o)

.debug_line     0x0000000000000000     0x286e
 .debug_line    0x0000000000000000      0x249 src/c/num2words.c.40.o
 .debug_line    0x0000000000000249      0x5d0 src/c/sliding_text_pp.c.40.o
 .debug_line    0x0000000000000819      0x122 basalt/appinfo.auto.c.40.o
 .debug_line    0x000000000000093b       0x1d basalt/src/resource_ids.auto.c.40.o
 .debug_line    0x0000000000000958       0xc6 src/message_keys.auto.c.40.o
 .debug_line    0x0000000000000a1e      0x1cc /home/vscode/.pebble-sdk/SDKs/4.9.77/toolchain/arm-none-eabi/bin/../lib/gcc/arm-none-eabi/4.7.2/../../../../arm-none-eabi/lib/thumb2/libc.a(lib_a-sprintf.o)
 .debug_line    0x0000000000000bea      0x51c /home/vscode/.pebble-sdk/SDKs/4.9.77/toolchain/arm-none-eabi/bin/../lib/gcc/arm-none-eabi/4.7.2/../../../../arm-none-eabi/lib/thumb2/libc.a(lib_a-svfprintf.o)
 .debug_line    0x0000000000001106      0x113 /home/vscode/.pebble-sdk/SDKs/4.9.77/toolchain/arm-none-eabi/bin/../lib/gcc/arm-none-eabi/4.7.2/../../../../arm-none-eabi/lib/thumb2/libc.a(lib_a-impure.o)
 .debug_line    0x0000000000001219      0x316 /home/vscode/.pebble-sdk/SDKs/4.9.77/toolchain/arm-none-eabi/bin/../lib/gcc/arm-none-eabi/4.7.2/../../../../arm-none-eabi/lib/thumb2/libc.a(lib_a-mallocr.o)
 .debug_line    0x000000000000152f      0x11f /home/vscode/.pebble-sdk/SDKs/4.9.77/toolchain/arm-none-eabi/bin/../lib/gcc/arm-none-eabi/4.7.2/../../../../arm-none-eabi/lib/thumb2/libc.a(lib_a-memchr.o)
 .debug_line    0x000000000000164e      0x131 /home/vscode/.pebble-sdk/SDKs/4.9.77/toolchain/arm-none-eabi/bin/../lib/gcc/arm-none-eabi/4.7.2/../../../../arm-none-eabi/lib/thumb2/libc.a(lib_a-mlock.o)
 .debug_line    0x000000000000177f      0x181 /home/vscode/.pebble-sdk/SDKs/4.9.77/toolchain/arm-none-eabi/bin/../lib/gcc/arm-none-eabi/4.7.2/../../../../arm-none-eabi/lib/thumb2/libc.a(lib_a-sbrkr.o)
 .debug_line    0x0000000000001900      0x57d /home/vscode/.pebble-sdk/SDKs/4.9.77/toolchain/arm-none-eabi/bin/../lib/gcc/arm-none-eabi/4.7.2/../../../../arm-none-eabi/lib/thumb2/libc.a(lib_a-svfiprintf.o)
 .debug_line    0x0000000000001e7d      0x244 /home/vscode/.pebble-sdk/SDKs/4.9.77/toolchain/arm-none-eabi/bin/../lib/gcc/arm-none-eabi/4.7.2/../../../../arm-none-eabi/lib/thumb2/libc.a(lib_a-freer.o)
 .debug_line    0x00000000000020c1      0x21f /home/vscode/.pebble-sdk/SDKs/4.9.77/toolchain/arm-none-eabi/bin/../lib/gcc/arm-none-eabi/4.7.2/../../../../arm-none-eabi/lib/thumb2/libc.a(lib_a-reallocr.o)
 .debug_line    0x00000000000022e0      0x1e8 /home/vscode/.pebble-sdk/SDKs/4.9.77/toolchain/arm-none-eabi/bin/../lib/gcc/arm-none-eabi/4.7.2/../../../../arm-none-eabi/lib/thumb2/libc.a(lib_a-reent.o)
 .debug_line    0x00000000000024c8       0x71 /home/vscode/.pebble-sdk/SDKs/4.9.77/toolchain/arm-none-eabi/bin/../lib/gcc/arm-none-eabi/4.7.2/thumb2/libgcc.a(_aeabi_uldivmod.o)
 .debug_line    0x0000000000002539       0x71 /home/vscode/.pebble-sdk/SDKs/4.9.77/toolchain/arm-none-eabi/bin/../lib/gcc/arm-none-eabi/4.7.2/thumb2/libgcc.a(bpabi.o)
 .debug_line    0x00000000000025aa       0x6d /home/vscode/.pebble-sdk/SDKs/4.9.77/toolchain/arm-none-eabi/bin/../lib/gcc/arm-none-eabi/4.7.2/thumb2/libgcc.a(_dvmd_tls.o)
 .debug_line    0x0000000000002617       0xef /home/vscode/.pebble-sdk/SDKs/4.9.77/toolchain/arm-none-eabi/bin/../lib/gcc/arm-none-eabi/4.7.2/thumb2/libgcc.a(_divdi3.o)
 .debug_line    0x0000000000002706       0xd8 /home/vscode/.pebble-sdk/SDKs/4.9.77/toolchain/arm-none-eabi/bin/../lib/gcc/arm-none-eabi/4.7.2/thumb2/libgcc.a(_udivdi3.o)
 .debug_line    0x00000000000027de       0x90 /home/vscode/.pebble-sdk/SDKs/4.9.77/toolchain/arm-none-eabi/bin/../lib/gcc/arm-none-eabi/4.7.2/thumb2/libgcc.a(_udivsi3.o)

.debug_str      0x0000000000000000     0x25a9
 .debug_str     0x0000000000000000      0x219 src/c/num2words.c.40.o
                                        0x272 (size before relaxing)
 .debug_str     0x0000000000000219     0x1346 src/c/sliding_text_pp.c.40.o
                                       0x1563 (size before relaxing)
 .debug_str     0x000000000000155f      0x308 basalt/appinfo.auto.c.40.o
                                        0x400 (size before relaxing)
 .debug_str     0x0000000000001867       0x1f basalt/src/resource_ids.auto.c.40.o
                                         0xe2 (size before relaxing)
 .debug_str     0x0000000000001886       0x2a src/message_keys.auto.c.40.o
                                         0xf6 (size before relaxing)
 .debug_str     0x00000000000018b0      0x433 /home/vscode/.pebble-sdk/SDKs/4.9.77/toolchain/arm-none-eabi/bin/../lib/gcc/arm-none-eabi/4.7.2/../../../../arm-none-eabi/lib/thumb2/libc.a(lib_a-sprintf.o)
                                        0x534 (size before relaxing)
 .debug_str     0x0000000000001ce3      0x131 /home/vscode/.pebble-sdk/SDKs/4.9.77/toolchain/arm-none-eabi/bin/../lib/gcc/arm-none-eabi/4.7.2/../../../../arm-none-eabi/lib/thumb2/libc.a(lib_a-svfprintf.o)
                                        0x64d (size before relaxing)
 .debug_str     0x0000000000001e14       0xf5 /home/vscode/.pebble-sdk/SDKs/4.9.77/toolchain/arm-none-eabi/bin/../lib/gcc/arm-none-eabi/4.7.2/../../../../arm-none-eabi/lib/thumb2/libc.a(lib_a-impure.o)
                                        0x546 (size before relaxing)
 .debug_str     0x0000000000001f09      0x29a /home/vscode/.pebble-sdk/SDKs/4.9.77/toolchain/arm-none-eabi/bin/../lib/gcc/arm-none-eabi/4.7.2/../../../../arm-none-eabi/lib/thumb2/libc.a(lib_a-mallocr.o)
                                        0x716 (size before relaxing)
 .debug_str     0x00000000000021a3       0xa2 /home/vscode/.pebble-sdk/SDKs/4.9.77/toolchain/arm-none-eabi/bin/../lib/gcc/arm-none-eabi/4.7.2/../../../../arm-none-eabi/lib/thumb2/libc.a(lib_a-memchr.o)
                                        0x155 (size before relaxing)
 .debug_str     0x0000000000002245       0x54 /home/vscode/.pebble-sdk/SDKs/4.9.77/toolchain/arm-none-eabi/bin/../lib/gcc/arm-none-eabi/4.7.2/../../../../arm-none-eabi/lib/thumb2/libc.a(lib_a-mlock.o)
                                        0x510 (size before relaxing)
 .debug_str     0x0000000000002299       0x49 /home/vscode/.pebble-sdk/SDKs/4.9.77/toolchain/arm-none-eabi/bin/../lib/gcc/arm-none-eabi/4.7.2/../../../../arm-none-eabi/lib/thumb2/libc.a(lib_a-sbrkr.o)
                                        0x4fe (size before relaxing)
 .debug_str     0x00000000000022e2       0x37 /home/vscode/.pebble-sdk/SDKs/4.9.77/toolchain/arm-none-eabi/bin/../lib/gcc/arm-none-eabi/4.7.2/../../../../arm-none-eabi/lib/thumb2/libc.a(lib_a-svfiprintf.o)
                                        0x67f (size before relaxing)
 .debug_str     0x0000000000002319       0x34 /home/vscode/.pebble-sdk/SDKs/4.9.77/toolchain/arm-none-eabi/bin/../lib/gcc/arm-none-eabi/4.7.2/../../../../arm-none-eabi/lib/thumb2/libc.a(lib_a-freer.o)
                                        0x660 (size before relaxing)
 .debug_str     0x000000000000234d       0x4e /home/vscode/.pebble-sdk/SDKs/4.9.77/toolchain/arm-none-eabi/bin/../lib/gcc/arm-none-eabi/4.7.2/../../../../arm-none-eabi/lib/thumb2/libc.a(lib_a-reallocr.o)
                                        0x5e8 (size before relaxing)
 .debug_str     0x000000000000239b       0x78 /home/vscode/.pebble-sdk/SDKs/4.9.77/toolchain/arm-none-eabi/bin/../lib/gcc/arm-none-eabi/4.7.2/../../../../arm-none-eabi/lib/thumb2/libc.a(lib_a-reent.o)
                                        0x534 (size before relaxing)
 .debug_str     0x0000000000002413       0xd0 /home/vscode/.pebble-sdk/SDKs/4.9.77/toolchain/arm-none-eabi/bin/../lib/gcc/arm-none-eabi/4.7.2/thumb2/libgcc.a(bpabi.o)
                                        0x10b (size before relaxing)
 .debug_str     0x00000000000024e3       0xc6 /home/vscode/.pebble-sdk/SDKs/4.9.77/toolchain/arm-none-eabi/bin/../lib/gcc/arm-none-eabi/4.7.2/thumb2/libgcc.a(_divdi3.o)
                                        0x1d8 (size before relaxing)
 .debug_str     0x0000000000000000      0x1d9 /home/vscode/.pebble-sdk/SDKs/4.9.77/toolchain/arm-none-eabi/bin/../lib/gcc/arm-none-eabi/4.7.2/thumb2/libgcc.a(_udivdi3.o)

.debug_frame    0x0000000000000000      0x640
 .debug_frame   0x0000000000000000       0xb8 src/c/num2words.c.40.o
 .debug_frame   0x00000000000000b8      0x204 src/c/sliding_text_pp.c.40.o
 .debug_frame   0x00000000000002bc       0x58 /home/vscode/.pebble-sdk/SDKs/4.9.77/toolchain/arm-none-eabi/bin/../lib/gcc/arm-none-eabi/4.7.2/../../../../arm-none-eabi/lib/thumb2/libc.a(lib_a-sprintf.o)
 .debug_frame   0x0000000000000314       0x3c /home/vscode/.pebble-sdk/SDKs/4.9.77/toolchain/arm-none-eabi/bin/../lib/gcc/arm-none-eabi/4.7.2/../../../../arm-none-eabi/lib/thumb2/libc.a(lib_a-svfprintf.o)
 .debug_frame   0x0000000000000350       0x34 /home/vscode/.pebble-sdk/SDKs/4.9.77/toolchain/arm-none-eabi/bin/../lib/gcc/arm-none-eabi/4.7.2/../../../../arm-none-eabi/lib/thumb2/libc.a(lib_a-mallocr.o)
 .debug_frame   0x0000000000000384       0x28 /home/vscode/.pebble-sdk/SDKs/4.9.77/toolchain/arm-none-eabi/bin/../lib/gcc/arm-none-eabi/4.7.2/../../../../arm-none-eabi/lib/thumb2/libc.a(lib_a-memchr.o)
 .debug_frame   0x00000000000003ac       0x30 /home/vscode/.pebble-sdk/SDKs/4.9.77/toolchain/arm-none-eabi/bin/../lib/gcc/arm-none-eabi/4.7.2/../../../../arm-none-eabi/lib/thumb2/libc.a(lib_a-mlock.o)
 .debug_frame   0x00000000000003dc       0x2c /home/vscode/.pebble-sdk/SDKs/4.9.77/toolchain/arm-none-eabi/bin/../lib/gcc/arm-none-eabi/4.7.2/../../../../arm-none-eabi/lib/thumb2/libc.a(lib_a-sbrkr.o)
 .debug_frame   0x0000000000000408       0x68 /home/vscode/.pebble-sdk/SDKs/4.9.77/toolchain/arm-none-eabi/bin/../lib/gcc/arm-none-eabi/4.7.2/../../../../arm-none-eabi/lib/thumb2/libc.a(lib_a-svfiprintf.o)
 .debug_frame   0x0000000000000470       0x50 /home/vscode/.pebble-sdk/SDKs/4.9.77/toolchain/arm-none-eabi/bin/../lib/gcc/arm-none-eabi/4.7.2/../../../../arm-none-eabi/lib/thumb2/libc.a(lib_a-freer.o)
 .debug_frame   0x00000000000004c0       0x38 /home/vscode/.pebble-sdk/SDKs/4.9.77/toolchain/arm-none-eabi/bin/../lib/gcc/arm-none-eabi/4.7.2/../../../../arm-none-eabi/lib/thumb2/libc.a(lib_a-reallocr.o)
 .debug_frame   0x00000000000004f8       0x64 /home/vscode/.pebble-sdk/SDKs/4.9.77/toolchain/arm-none-eabi/bin/../lib/gcc/arm-none-eabi/4.7.2/../../../../arm-none-eabi/lib/thumb2/libc.a(lib_a-reent.o)
 .debug_frame   0x000000000000055c       0x54 /home/vscode/.pebble-sdk/SDKs/4.9.77/toolchain/arm-none-eabi/bin/../lib/gcc/arm-none-eabi/4.7.2/thumb2/libgcc.a(bpabi.o)
 .debug_frame   0x00000000000005b0       0x38 /home/vscode/.pebble-sdk/SDKs/4.9.77/toolchain/arm-none-eabi/bin/../lib/gcc/arm-none-eabi/4.7.2/thumb2/libgcc.a(_divdi3.o)
 .debug_frame   0x00000000000005e8       0x38 /home/vscode/.pebble-sdk/SDKs/4.9.77/toolchain/arm-none-eabi/bin/../lib/gcc/arm-none-eabi/4.7.2/thumb2/libgcc.a(_udivdi3.o)
 .debug_frame   0x0000000000000620       0x20 /home/vscode/.pebble-sdk/SDKs/4.9.77/toolchain/arm-none-eabi/bin/../lib/gcc/arm-none-eabi/4.7.2/thumb2/libgcc.a(_udivsi3.o)
